>k141_4
TGCATGGGGGTCGTCAGCTCGTGTCGTGAGATGTTGGGTTAAGTCCCGCAACGAGCGCAACCCTTGTTCACTGTTGCCAGCACGTTATGGTGGGACTCAGTGGAGACCGCCGGGGTCAACTCGGAGGAAGGTGGGGATGACGTCAAGTCATCATGCCCCTTATGGCCAGGGCTTCACGCATGCTACAATGGCTGGTACAAAGAGTGGCGAGCCTGTGAGGGTGAGCTAATCTCGGAAAGCCGGTCTCAGTTCGGATTGGGGTCTGCAACTCGACCTCATGAAGTCGGAGTCGCTAGTAATCGCAGATCAGCAACGCTGCGGTGAATACGTTC
>k141_0
TGCATGGGGGTCGTCAGCTCGTGTCGTGAGATGTTGGGTTAAGTCCCGCAACGAGCGCAACCCTTGTTCACTGTTGCCAGCACGTTATGGTGGGGACTCAGTGGAGACCGCCGGGGTCAACTCGGAGGAAGGTGGGGATGACGTCAAGTCATCATGCCCCTTATGTCCAGGGGTTCACGCATGCTACAATGGCTGGTACAGAGAGTGGCGAGCCTGTGAGGGTGAGCGAATCTCGGAAAGCCGGTCTCAGTTCGGATTGGGGTCTGCAACTCGACCTCATGAAGTCGGAGTCGCTAGTAATCGCAGATCAGCAACGCTGCGGTGAATACGTTC
>k141_3
CCCGCGAACGTATTCACCGCGGCGTGCTGATCCGCGATTACTAGCGATTCCGACTTCGTGTAGGCGAGTTGCAGCCTACAGTCCGAACTGAGAATGGCTTTAAGAGATTAGCTTGACCTCGCGGTCTCGCAACTCGTTGTACCATCTATTGTAGCACGTGTGTAGCCCAGGTCATAAGGGGCATGATGATTTGTCGTCATCCCCACCTTCCTCCGGTTTGTCACCGGCAGTCTTACTAGAGTGCCCAACTAAATGCTGGCATCTAGTCATATGGGTTGCGCTAGTTGCGGGAATTAACCCAACATCTCACGACACGAGATGACGACTTCCAGTGCA
>k141_2
TGTGTACAAGTCCCGTGAACGTATTCACCGCGGCATGCTGATACGCGATTACTAGCGATTCCGACTTCGTGCAGGCGAGTTGCAGCCTGCAATCCGAACTGAGAACGGTTTTAAGAGGTTTGGTTGCCCTCGAGAGTTCGCGACTCGTTGTACCGTCCATTGTAGCACGTGTGTAGCCCAGGTCATAAGGGGCATGATGATCTGACGTCGTCCCCACCTTCCTCCGGTTTGTCACCGGCAGTCTCACTAGAGTGCCCAACTTAATGCTGGCAACTAGTAACAAGGGTTGCGCTCGTTGCGGGACTTAACCCAACATCTCACGACACGAGCTGACGAC
